[INFO] Website will be built for all these locales: 
- en
- pt-br
[INFO] [en] Creating an optimized production build...
[90m[[90mwebpackbar[90m][39m [36mΓä╣[39m Compiling Client
[90m[[90mwebpackbar[90m][39m [36mΓä╣[39m Compiling Server
[90m[[90mwebpackbar[90m][39m [32mΓ£ö[39m Server: Compiled with some errors in 5.17s
<w> [webpack.cache.PackFileCacheStrategy] Skipped not serializable cache item 'Compilation/modules|C:\Users\ricardomac\OneDrive\github-copilot-claude\certprep\azurecertprep\node_modules\@docusaurus\mdx-loader\lib\index.js??ruleSet[1].rules[8].use[0]!C:\Users\ricardomac\OneDrive\github-copilot-claude\certprep\azurecertprep\docs\az-305\03-business-continuity\challenge-26.md': No serializer registered for VFileMessage
<w> while serializing webpack/lib/cache/PackFileCacheStrategy.PackContentItems -> webpack/lib/NormalModule -> webpack/lib/ModuleBuildError -> Error -> VFileMessage
<w> [webpack.cache.PackFileCacheStrategy] Skipped not serializable cache item 'Compilation/modules|C:\Users\ricardomac\OneDrive\github-copilot-claude\certprep\azurecertprep\node_modules\@docusaurus\mdx-loader\lib\index.js??ruleSet[1].rules[8].use[0]!C:\Users\ricardomac\OneDrive\github-copilot-claude\certprep\azurecertprep\docs\az-305\04-infrastructure\challenge-35.md': No serializer registered for VFileMessage
<w> while serializing webpack/lib/cache/PackFileCacheStrategy.PackContentItems -> webpack/lib/NormalModule -> webpack/lib/ModuleBuildError -> Error -> VFileMessage
[90m[[90mwebpackbar[90m][39m [32mΓ£ö[39m Client: Compiled with some errors in 3.04m
[ERROR] Client bundle compiled with errors therefore further build is impossible.
Error: MDX compilation failed for file "C:\Users\ricardomac\OneDrive\github-copilot-claude\certprep\azurecertprep\docs\az-305\03-business-continuity\challenge-26.md"
Cause: Unexpected character `-` (U+002D) before name, expected a character that can start a name, such as a letter, `$`, or `_`
Details:
{
  "column": 28,
  "file": "",
  "message": "Unexpected character `-` (U+002D) before name, expected a character that can start a name, such as a letter, `$`, or `_`",
  "line": 143,
  "name": "143:28",
  "place": {
    "_bufferIndex": 25,
    "_index": 0,
    "line": 143,
    "column": 28,
    "offset": 6890
  },
  "reason": "Unexpected character `-` (U+002D) before name, expected a character that can start a name, such as a letter, `$`, or `_`",
  "ruleId": "unexpected-character",
  "source": "micromark-extension-mdx-jsx",
  "url": "https://github.com/micromark/micromark-extension-mdx-jsx#unexpected-character-at-expected-expect"
}

--------------------------

Error: MDX compilation failed for file "C:\Users\ricardomac\OneDrive\github-copilot-claude\certprep\azurecertprep\docs\az-305\04-infrastructure\challenge-35.md"
Cause: Unexpected character `1` (U+0031) before name, expected a character that can start a name, such as a letter, `$`, or `_`
Details:
{
  "column": 38,
  "file": "",
  "message": "Unexpected character `1` (U+0031) before name, expected a character that can start a name, such as a letter, `$`, or `_`",
  "line": 69,
  "name": "69:38",
  "place": {
    "_bufferIndex": 1,
    "_index": 0,
    "line": 69,
    "column": 38,
    "offset": 3934
  },
  "reason": "Unexpected character `1` (U+0031) before name, expected a character that can start a name, such as a letter, `$`, or `_`",
  "ruleId": "unexpected-character",
  "source": "micromark-extension-mdx-jsx",
  "url": "https://github.com/micromark/micromark-extension-mdx-jsx#unexpected-character-at-expected-expect"
}
